// Jest Snapshot v1, https://goo.gl/fbAQLP

exports[`Field snapshot tests base snapshot 1`] = `
<div>
  <div
    class="field"
    style="width: 200px; height: 200px;"
  >
    <div
      class="cell"
    >
      1
    </div>
    <div
      class="cell"
    >
      2
    </div>
    <div
      class="cell"
    >
      3
    </div>
    <div
      class="cell"
    >
      4
    </div>
  </div>
</div>
`;

exports[`Field snapshot tests some data snapshot 1`] = `
<div>
  <div
    class="field"
    style="width: 200px; height: 200px;"
  >
    <div
      class="cell"
    >
      1
    </div>
    <div
      class="cell"
    >
      2
    </div>
    <div
      class="cell"
    >
      3
    </div>
    <div
      class="cell"
    >
      4
    </div>
  </div>
</div>
`;
