// Jest Snapshot v1, https://goo.gl/fbAQLP

exports[`App snapshot tests base snapshot 1`] = `
<div>
  <div
    class="main"
  >
    <div
      class="field"
      style="width: 300px; height: 300px;"
    >
      <div
        class="cell"
      >
        1
      </div>
      <div
        class="cell"
      >
        2
      </div>
      <div
        class="cell"
      >
        3
      </div>
      <div
        class="cell"
      >
        4
      </div>
      <div
        class="cell"
      >
        5
      </div>
      <div
        class="cell"
      >
        6
      </div>
      <div
        class="cell"
      >
        7
      </div>
      <div
        class="cell"
      >
        8
      </div>
      <div
        class="cell"
      >
        9
      </div>
    </div>
  </div>
</div>
`;

exports[`App snapshot tests some data snapshot 1`] = `
<div>
  <div
    class="main"
  >
    <div
      class="field"
      style="width: 300px; height: 300px;"
    >
      <div
        class="cell"
      >
        1
      </div>
      <div
        class="cell"
      >
        2
      </div>
      <div
        class="cell"
      >
        3
      </div>
      <div
        class="cell"
      >
        4
      </div>
      <div
        class="cell"
      >
        5
      </div>
      <div
        class="cell"
      >
        6
      </div>
      <div
        class="cell"
      >
        7
      </div>
      <div
        class="cell"
      >
        8
      </div>
      <div
        class="cell"
      >
        9
      </div>
    </div>
  </div>
</div>
`;
